C: \ Expected file "One"
C: \ Expected File "Two".xml
Expected File "Three".yaml
